"modelMapping":{"datasetMappings":[{"datasetMapping":{"identifier":"dataset.people","system":{},"references":[{"referenceMapping":{"target":{"identifier":"birthday","type":"date"},"sourceColumn":{"dataType":"date","name":"birthday","format":"yyyy-MM-dd"}}},{"referenceMapping":{"target":{"identifier":"dataset.city","type":"dataset"},"sourceColumn":{"dataType":"text","name":"cityid","format":""}}}],"source":{"identifier":"people","csv":{"headerRow":1,"delimiter":","}},"fields":[{"fieldMapping":{"field":{"identifier":"label.people.peoplename","type":"label"},"sourceColumn":{"dataType":"text","name":"peoplename","format":""}}},{"fieldMapping":{"field":{"identifier":"fact.people.salary","type":"fact"},"sourceColumn":{"dataType":"number","name":"salary","format":""}}}]}}]},"metaVersion":"1","project":"PROJECTID","model":{"projectModel":{"datasets":[{"dataset":{"identifier":"dataset.city","references":["createddate"],"production":true,"anchor":{"attribute":{"identifier":"attr.city.cityid","folder":"city","description":"cityid","title":"cityid","labels":[{"label":{"identifier":"label.city.cityid","dataType":"VARCHAR(128)","title":"cityid","type":"GDC.text"}}]}},"description":"city","title":"city","facts":[{"fact":{"identifier":"fact.city.population","folder":"city","dataType":"DECIMAL(12,2)","description":"population","title":"population"}}]}},{"dataset":{"identifier":"dataset.people","references":["dataset.city","birthday"],"production":true,"anchor":{"attribute":{"identifier":"attr.people.peopleid","folder":"people","dataType":"BIGINT","description":"peopleid","grain":[],"title":"peopleid"}},"description":"people","attributes":[{"attribute":{"identifier":"attr.people.peoplename","folder":"people","description":"peoplename","title":"peoplename","labels":[{"label":{"identifier":"label.people.peoplename","dataType":"VARCHAR(128)","title":"peoplename","type":"GDC.text"}}]}}],"title":"people","facts":[{"fact":{"identifier":"fact.people.salary","folder":"people","dataType":"DECIMAL(12,2)","description":"salary","title":"salary"}}]}},{"dataset":{"identifier":"dataset.district","references":["dataset.city"],"production":true,"anchor":{"attribute":{"identifier":"attr.district.factsof","folder":"district","description":"Records of district","grain":[],"title":"Records of district"}},"description":"district","attributes":[{"attribute":{"identifier":"attr.district.districtid","folder":"district","description":"districtid","title":"districtid","labels":[{"label":{"identifier":"label.district.districtid","dataType":"VARCHAR(128)","title":"districtid","type":"GDC.text"}}]}},{"attribute":{"identifier":"attr.district.districtname","folder":"district","description":"districtname","title":"districtname","labels":[{"label":{"identifier":"label.district.districtname","dataType":"VARCHAR(128)","title":"districtname","type":"GDC.text"}}]}},{"attribute":{"identifier":"attr.district.street","folder":"district","description":"street","defaultLabel":"label.district.street","title":"street","labels":[{"label":{"identifier":"label.district.street","dataType":"VARCHAR(128)","description":"","title":"street","type":"GDC.text"}}]}}],"title":"district","facts":[{"fact":{"identifier":"fact.district.tax","folder":"district","dataType":"DECIMAL(12,2)","description":"tax","title":"tax"}},{"fact":{"identifier":"fact.district.numstreet","folder":"district","restricted":false,"dataType":"DECIMAL(12,2)","description":"numstreet","title":"numstreet"}}]}}],"dateDimensions":[{"dateDimension":{"urn":"urn:custom_v2:date","identifier":"createddate.dataset.dt","identifierPrefix":"createddate","production":true,"name":"createddate","bridges":[],"title":"createddate"}},{"dateDimension":{"urn":"urn:keboola:date","identifier":"birthday.keboola.dataset.dt","identifierPrefix":"birthday","production":true,"name":"birthday","bridges":[],"title":"birthday"}}],"modelMetadata":{"containCA":true}}}